// Jest Snapshot v1, https://goo.gl/fbAQLP

exports[`parsePathname module parsePathname empty invocation 1`] = `"Pathname is not valid. Expected: string! Received: [object Undefined]."`;

exports[`parsePathname module parsePathname invalid pathname 1`] = `"Pathname is not valid. It should start with '/'!"`;
