// Jest Snapshot v1, https://goo.gl/fbAQLP

exports[`queryStore module createQueryStore toString 1`] = `"{\\"path\\":{\\"nested\\":{\\":param\\":{\\"nested\\":{\\":id\\":{\\"nested\\":{},\\"persisted\\":{},\\"path\\":\\":id\\",\\"mutated\\":true}},\\"persisted\\":{},\\"path\\":\\":param\\"}},\\"persisted\\":{},\\"path\\":\\"path\\"}}"`;
